==================================== INPUT ====================================
fragment EnabledFoo on User {
  name @catch
}
==================================== OUTPUT ===================================
fragment EnabledFoo on User {
  name @catch @__CatchMetadataDirective
  # CatchMetadataDirective {
  #     to: Result,
  #     path: "name",
  # }
  
}
